[0.441s] DEBUG:colcon:Command line arguments: ['/usr/bin/colcon', 'build', '--symlink-install']
[0.441s] DEBUG:colcon:Parsed command line arguments: Namespace(log_base=None, log_level=None, verb_name='build', build_base='build', install_base='install', merge_install=False, symlink_install=True, test_result_base=None, continue_on_error=False, executor='parallel', parallel_workers=20, event_handlers=None, ignore_user_meta=False, metas=['./colcon.meta'], base_paths=['.'], packages_ignore=None, packages_ignore_regex=None, paths=None, packages_up_to=None, packages_up_to_regex=None, packages_above=None, packages_above_and_dependencies=None, packages_above_depth=None, packages_select_by_dep=None, packages_skip_by_dep=None, packages_skip_up_to=None, packages_select_build_failed=False, packages_skip_build_finished=False, packages_select_test_failures=False, packages_skip_test_passed=False, packages_select=None, packages_skip=None, packages_select_regex=None, packages_skip_regex=None, packages_start=None, packages_end=None, allow_overriding=[], cmake_args=None, cmake_target=None, cmake_target_skip_unavailable=False, cmake_clean_cache=False, cmake_clean_first=False, cmake_force_configure=False, ament_cmake_args=None, catkin_cmake_args=None, catkin_skip_building_tests=False, mixin_files=None, mixin=None, verb_parser=<colcon_mixin.mixin.mixin_argument.MixinArgumentDecorator object at 0x7c915bc7b260>, verb_extension=<colcon_core.verb.build.BuildVerb object at 0x7c915bc66d20>, main=<bound method BuildVerb.main of <colcon_core.verb.build.BuildVerb object at 0x7c915bc66d20>>, mixin_verb=('build',))
[0.537s] Level 1:colcon.colcon_core.package_discovery:discover_packages(colcon_meta) check parameters
[0.537s] Level 1:colcon.colcon_core.package_discovery:discover_packages(recursive) check parameters
[0.537s] Level 1:colcon.colcon_core.package_discovery:discover_packages(ignore) check parameters
[0.537s] Level 1:colcon.colcon_core.package_discovery:discover_packages(path) check parameters
[0.537s] Level 1:colcon.colcon_core.package_discovery:discover_packages(colcon_meta) discover
[0.538s] Level 1:colcon.colcon_core.package_discovery:discover_packages(recursive) discover
[0.538s] INFO:colcon.colcon_core.package_discovery:Crawling recursively for packages in '/home/erik/rins/src/dis_tutorial3'
[0.538s] Level 1:colcon.colcon_core.package_identification:_identify(.) by extensions ['ignore', 'ignore_ament_install']
[0.538s] Level 1:colcon.colcon_core.package_identification:_identify(.) by extension 'ignore'
[0.538s] Level 1:colcon.colcon_core.package_identification:_identify(.) by extension 'ignore_ament_install'
[0.538s] Level 1:colcon.colcon_core.package_identification:_identify(.) by extensions ['colcon_pkg']
[0.538s] Level 1:colcon.colcon_core.package_identification:_identify(.) by extension 'colcon_pkg'
[0.538s] Level 1:colcon.colcon_core.package_identification:_identify(.) by extensions ['colcon_meta']
[0.539s] Level 1:colcon.colcon_core.package_identification:_identify(.) by extension 'colcon_meta'
[0.539s] Level 1:colcon.colcon_core.package_identification:_identify(.) by extensions ['ros']
[0.539s] Level 1:colcon.colcon_core.package_identification:_identify(.) by extension 'ros'
[0.592s] DEBUG:colcon.colcon_core.package_identification:Package '.' with type 'ros.ament_cmake' and name 'dis_tutorial3'
[0.592s] Level 1:colcon.colcon_core.package_discovery:discover_packages(recursive) using defaults
[0.592s] Level 1:colcon.colcon_core.package_discovery:discover_packages(ignore) discover
[0.592s] Level 1:colcon.colcon_core.package_discovery:discover_packages(ignore) using defaults
[0.592s] Level 1:colcon.colcon_core.package_discovery:discover_packages(path) discover
[0.592s] Level 1:colcon.colcon_core.package_discovery:discover_packages(path) using defaults
[0.628s] Level 1:colcon.colcon_core.package_discovery:discover_packages(prefix_path) check parameters
[0.628s] Level 1:colcon.colcon_core.package_discovery:discover_packages(prefix_path) discover
[0.634s] DEBUG:colcon.colcon_installed_package_information.package_discovery:Found 7 installed packages in /home/erik/rins/install
[0.637s] DEBUG:colcon.colcon_installed_package_information.package_discovery:Found 477 installed packages in /opt/ros/jazzy
[0.639s] Level 1:colcon.colcon_core.package_discovery:discover_packages(prefix_path) using defaults
[0.709s] Level 5:colcon.colcon_core.verb:set package 'dis_tutorial3' build argument 'cmake_args' from command line to 'None'
[0.709s] Level 5:colcon.colcon_core.verb:set package 'dis_tutorial3' build argument 'cmake_target' from command line to 'None'
[0.709s] Level 5:colcon.colcon_core.verb:set package 'dis_tutorial3' build argument 'cmake_target_skip_unavailable' from command line to 'False'
[0.709s] Level 5:colcon.colcon_core.verb:set package 'dis_tutorial3' build argument 'cmake_clean_cache' from command line to 'False'
[0.709s] Level 5:colcon.colcon_core.verb:set package 'dis_tutorial3' build argument 'cmake_clean_first' from command line to 'False'
[0.709s] Level 5:colcon.colcon_core.verb:set package 'dis_tutorial3' build argument 'cmake_force_configure' from command line to 'False'
[0.709s] Level 5:colcon.colcon_core.verb:set package 'dis_tutorial3' build argument 'ament_cmake_args' from command line to 'None'
[0.709s] Level 5:colcon.colcon_core.verb:set package 'dis_tutorial3' build argument 'catkin_cmake_args' from command line to 'None'
[0.709s] Level 5:colcon.colcon_core.verb:set package 'dis_tutorial3' build argument 'catkin_skip_building_tests' from command line to 'False'
[0.709s] DEBUG:colcon.colcon_core.verb:Building package 'dis_tutorial3' with the following arguments: {'ament_cmake_args': None, 'build_base': '/home/erik/rins/src/dis_tutorial3/build/dis_tutorial3', 'catkin_cmake_args': None, 'catkin_skip_building_tests': False, 'cmake_args': None, 'cmake_clean_cache': False, 'cmake_clean_first': False, 'cmake_force_configure': False, 'cmake_target': None, 'cmake_target_skip_unavailable': False, 'install_base': '/home/erik/rins/src/dis_tutorial3/install/dis_tutorial3', 'merge_install': False, 'path': '/home/erik/rins/src/dis_tutorial3', 'symlink_install': True, 'test_result_base': None}
[0.709s] INFO:colcon.colcon_core.executor:Executing jobs using 'parallel' executor
[0.710s] DEBUG:colcon.colcon_parallel_executor.executor.parallel:run_until_complete
[0.711s] INFO:colcon.colcon_ros.task.ament_cmake.build:Building ROS package in '/home/erik/rins/src/dis_tutorial3' with build type 'ament_cmake'
[0.711s] INFO:colcon.colcon_cmake.task.cmake.build:Building CMake package in '/home/erik/rins/src/dis_tutorial3'
[0.720s] INFO:colcon.colcon_core.plugin_system:Skipping extension 'colcon_core.shell.bat': Not used on non-Windows systems
[0.720s] INFO:colcon.colcon_core.shell:Skip shell extension 'powershell' for command environment: Not usable outside of PowerShell
[0.720s] DEBUG:colcon.colcon_core.shell:Skip shell extension 'dsv' for command environment
[0.731s] DEBUG:colcon.colcon_core.event_handler.log_command:Invoking command in '/home/erik/rins/src/dis_tutorial3/build/dis_tutorial3': CMAKE_PREFIX_PATH=${CMAKE_PREFIX_PATH}:/home/erik/rins/install/py_srvcli:/home/erik/rins/install/py_pubsub:/home/erik/rins/install/my_package:/home/erik/rins/install/dis_tutorial2:/opt/ros/jazzy DEBUGINFOD_URLS=https://debuginfod.ubuntu.com /usr/bin/cmake /home/erik/rins/src/dis_tutorial3 -DAMENT_CMAKE_SYMLINK_INSTALL=1 -DCMAKE_INSTALL_PREFIX=/home/erik/rins/src/dis_tutorial3/install/dis_tutorial3
[2.928s] DEBUG:colcon.colcon_core.event_handler.log_command:Invoked command in '/home/erik/rins/src/dis_tutorial3/build/dis_tutorial3' returned '0': CMAKE_PREFIX_PATH=${CMAKE_PREFIX_PATH}:/home/erik/rins/install/py_srvcli:/home/erik/rins/install/py_pubsub:/home/erik/rins/install/my_package:/home/erik/rins/install/dis_tutorial2:/opt/ros/jazzy DEBUGINFOD_URLS=https://debuginfod.ubuntu.com /usr/bin/cmake /home/erik/rins/src/dis_tutorial3 -DAMENT_CMAKE_SYMLINK_INSTALL=1 -DCMAKE_INSTALL_PREFIX=/home/erik/rins/src/dis_tutorial3/install/dis_tutorial3
[2.929s] DEBUG:colcon.colcon_core.event_handler.log_command:Invoking command in '/home/erik/rins/src/dis_tutorial3/build/dis_tutorial3': CMAKE_PREFIX_PATH=${CMAKE_PREFIX_PATH}:/home/erik/rins/install/py_srvcli:/home/erik/rins/install/py_pubsub:/home/erik/rins/install/my_package:/home/erik/rins/install/dis_tutorial2:/opt/ros/jazzy DEBUGINFOD_URLS=https://debuginfod.ubuntu.com /usr/bin/cmake --build /home/erik/rins/src/dis_tutorial3/build/dis_tutorial3 -- -j20 -l20
[2.980s] DEBUG:colcon.colcon_core.event_handler.log_command:Invoked command in '/home/erik/rins/src/dis_tutorial3/build/dis_tutorial3' returned '0': CMAKE_PREFIX_PATH=${CMAKE_PREFIX_PATH}:/home/erik/rins/install/py_srvcli:/home/erik/rins/install/py_pubsub:/home/erik/rins/install/my_package:/home/erik/rins/install/dis_tutorial2:/opt/ros/jazzy DEBUGINFOD_URLS=https://debuginfod.ubuntu.com /usr/bin/cmake --build /home/erik/rins/src/dis_tutorial3/build/dis_tutorial3 -- -j20 -l20
[2.992s] DEBUG:colcon.colcon_core.event_handler.log_command:Invoking command in '/home/erik/rins/src/dis_tutorial3/build/dis_tutorial3': CMAKE_PREFIX_PATH=${CMAKE_PREFIX_PATH}:/home/erik/rins/install/py_srvcli:/home/erik/rins/install/py_pubsub:/home/erik/rins/install/my_package:/home/erik/rins/install/dis_tutorial2:/opt/ros/jazzy DEBUGINFOD_URLS=https://debuginfod.ubuntu.com /usr/bin/cmake --install /home/erik/rins/src/dis_tutorial3/build/dis_tutorial3
[6.431s] Level 1:colcon.colcon_core.environment:create_environment_scripts_only(dis_tutorial3)
[6.432s] DEBUG:colcon.colcon_core.event_handler.log_command:Invoked command in '/home/erik/rins/src/dis_tutorial3/build/dis_tutorial3' returned '0': CMAKE_PREFIX_PATH=${CMAKE_PREFIX_PATH}:/home/erik/rins/install/py_srvcli:/home/erik/rins/install/py_pubsub:/home/erik/rins/install/my_package:/home/erik/rins/install/dis_tutorial2:/opt/ros/jazzy DEBUGINFOD_URLS=https://debuginfod.ubuntu.com /usr/bin/cmake --install /home/erik/rins/src/dis_tutorial3/build/dis_tutorial3
[6.514s] Level 1:colcon.colcon_core.environment:checking '/home/erik/rins/src/dis_tutorial3/install/dis_tutorial3' for CMake module files
[6.515s] Level 1:colcon.colcon_core.environment:checking '/home/erik/rins/src/dis_tutorial3/install/dis_tutorial3' for CMake config files
[6.518s] Level 1:colcon.colcon_core.shell:create_environment_hook('dis_tutorial3', 'cmake_prefix_path')
[6.518s] INFO:colcon.colcon_core.shell:Creating environment hook '/home/erik/rins/src/dis_tutorial3/install/dis_tutorial3/share/dis_tutorial3/hook/cmake_prefix_path.ps1'
[6.520s] INFO:colcon.colcon_core.shell:Creating environment descriptor '/home/erik/rins/src/dis_tutorial3/install/dis_tutorial3/share/dis_tutorial3/hook/cmake_prefix_path.dsv'
[6.521s] INFO:colcon.colcon_core.shell:Creating environment hook '/home/erik/rins/src/dis_tutorial3/install/dis_tutorial3/share/dis_tutorial3/hook/cmake_prefix_path.sh'
[6.523s] Level 1:colcon.colcon_core.environment:checking '/home/erik/rins/src/dis_tutorial3/install/dis_tutorial3/lib'
[6.523s] Level 1:colcon.colcon_core.environment:checking '/home/erik/rins/src/dis_tutorial3/install/dis_tutorial3/bin'
[6.523s] Level 1:colcon.colcon_core.environment:checking '/home/erik/rins/src/dis_tutorial3/install/dis_tutorial3/lib/pkgconfig/dis_tutorial3.pc'
[6.524s] Level 1:colcon.colcon_core.environment:checking '/home/erik/rins/src/dis_tutorial3/install/dis_tutorial3/lib/python3.12/site-packages'
[6.524s] Level 1:colcon.colcon_core.environment:checking '/home/erik/rins/src/dis_tutorial3/install/dis_tutorial3/bin'
[6.525s] INFO:colcon.colcon_core.shell:Creating package script '/home/erik/rins/src/dis_tutorial3/install/dis_tutorial3/share/dis_tutorial3/package.ps1'
[6.526s] INFO:colcon.colcon_core.shell:Creating package descriptor '/home/erik/rins/src/dis_tutorial3/install/dis_tutorial3/share/dis_tutorial3/package.dsv'
[6.527s] INFO:colcon.colcon_core.shell:Creating package script '/home/erik/rins/src/dis_tutorial3/install/dis_tutorial3/share/dis_tutorial3/package.sh'
[6.528s] INFO:colcon.colcon_core.shell:Creating package script '/home/erik/rins/src/dis_tutorial3/install/dis_tutorial3/share/dis_tutorial3/package.bash'
[6.529s] INFO:colcon.colcon_core.shell:Creating package script '/home/erik/rins/src/dis_tutorial3/install/dis_tutorial3/share/dis_tutorial3/package.zsh'
[6.530s] Level 1:colcon.colcon_core.environment:create_file_with_runtime_dependencies(/home/erik/rins/src/dis_tutorial3/install/dis_tutorial3/share/colcon-core/packages/dis_tutorial3)
[6.531s] Level 1:colcon.colcon_core.environment:create_environment_scripts_only(dis_tutorial3)
[6.531s] Level 1:colcon.colcon_core.environment:checking '/home/erik/rins/src/dis_tutorial3/install/dis_tutorial3' for CMake module files
[6.532s] Level 1:colcon.colcon_core.environment:checking '/home/erik/rins/src/dis_tutorial3/install/dis_tutorial3' for CMake config files
[6.534s] Level 1:colcon.colcon_core.shell:create_environment_hook('dis_tutorial3', 'cmake_prefix_path')
[6.534s] INFO:colcon.colcon_core.shell:Creating environment hook '/home/erik/rins/src/dis_tutorial3/install/dis_tutorial3/share/dis_tutorial3/hook/cmake_prefix_path.ps1'
[6.535s] INFO:colcon.colcon_core.shell:Creating environment descriptor '/home/erik/rins/src/dis_tutorial3/install/dis_tutorial3/share/dis_tutorial3/hook/cmake_prefix_path.dsv'
[6.535s] INFO:colcon.colcon_core.shell:Creating environment hook '/home/erik/rins/src/dis_tutorial3/install/dis_tutorial3/share/dis_tutorial3/hook/cmake_prefix_path.sh'
[6.536s] Level 1:colcon.colcon_core.environment:checking '/home/erik/rins/src/dis_tutorial3/install/dis_tutorial3/lib'
[6.536s] Level 1:colcon.colcon_core.environment:checking '/home/erik/rins/src/dis_tutorial3/install/dis_tutorial3/bin'
[6.536s] Level 1:colcon.colcon_core.environment:checking '/home/erik/rins/src/dis_tutorial3/install/dis_tutorial3/lib/pkgconfig/dis_tutorial3.pc'
[6.536s] Level 1:colcon.colcon_core.environment:checking '/home/erik/rins/src/dis_tutorial3/install/dis_tutorial3/lib/python3.12/site-packages'
[6.537s] Level 1:colcon.colcon_core.environment:checking '/home/erik/rins/src/dis_tutorial3/install/dis_tutorial3/bin'
[6.537s] INFO:colcon.colcon_core.shell:Creating package script '/home/erik/rins/src/dis_tutorial3/install/dis_tutorial3/share/dis_tutorial3/package.ps1'
[6.538s] INFO:colcon.colcon_core.shell:Creating package descriptor '/home/erik/rins/src/dis_tutorial3/install/dis_tutorial3/share/dis_tutorial3/package.dsv'
[6.538s] INFO:colcon.colcon_core.shell:Creating package script '/home/erik/rins/src/dis_tutorial3/install/dis_tutorial3/share/dis_tutorial3/package.sh'
[6.538s] INFO:colcon.colcon_core.shell:Creating package script '/home/erik/rins/src/dis_tutorial3/install/dis_tutorial3/share/dis_tutorial3/package.bash'
[6.539s] INFO:colcon.colcon_core.shell:Creating package script '/home/erik/rins/src/dis_tutorial3/install/dis_tutorial3/share/dis_tutorial3/package.zsh'
[6.539s] Level 1:colcon.colcon_core.environment:create_file_with_runtime_dependencies(/home/erik/rins/src/dis_tutorial3/install/dis_tutorial3/share/colcon-core/packages/dis_tutorial3)
[6.539s] DEBUG:colcon.colcon_parallel_executor.executor.parallel:closing loop
[6.540s] DEBUG:colcon.colcon_parallel_executor.executor.parallel:loop closed
[6.540s] DEBUG:colcon.colcon_parallel_executor.executor.parallel:run_until_complete finished with '0'
[6.540s] DEBUG:colcon.colcon_core.event_reactor:joining thread
[6.554s] INFO:colcon.colcon_core.plugin_system:Skipping extension 'colcon_notification.desktop_notification.terminal_notifier': Not used on non-Darwin systems
[6.554s] INFO:colcon.colcon_core.plugin_system:Skipping extension 'colcon_notification.desktop_notification.win32': Not used on non-Windows systems
[6.554s] INFO:colcon.colcon_notification.desktop_notification:Sending desktop notification using 'notify2'
[6.572s] DEBUG:colcon.colcon_core.event_reactor:joined thread
[6.572s] INFO:colcon.colcon_core.shell:Creating prefix script '/home/erik/rins/src/dis_tutorial3/install/local_setup.ps1'
[6.574s] INFO:colcon.colcon_core.shell:Creating prefix util module '/home/erik/rins/src/dis_tutorial3/install/_local_setup_util_ps1.py'
[6.576s] INFO:colcon.colcon_core.shell:Creating prefix chain script '/home/erik/rins/src/dis_tutorial3/install/setup.ps1'
[6.578s] INFO:colcon.colcon_core.shell:Creating prefix script '/home/erik/rins/src/dis_tutorial3/install/local_setup.sh'
[6.579s] INFO:colcon.colcon_core.shell:Creating prefix util module '/home/erik/rins/src/dis_tutorial3/install/_local_setup_util_sh.py'
[6.580s] INFO:colcon.colcon_core.shell:Creating prefix chain script '/home/erik/rins/src/dis_tutorial3/install/setup.sh'
[6.582s] INFO:colcon.colcon_core.shell:Creating prefix script '/home/erik/rins/src/dis_tutorial3/install/local_setup.bash'
[6.583s] INFO:colcon.colcon_core.shell:Creating prefix chain script '/home/erik/rins/src/dis_tutorial3/install/setup.bash'
[6.585s] INFO:colcon.colcon_core.shell:Creating prefix script '/home/erik/rins/src/dis_tutorial3/install/local_setup.zsh'
[6.586s] INFO:colcon.colcon_core.shell:Creating prefix chain script '/home/erik/rins/src/dis_tutorial3/install/setup.zsh'
