-- The C compiler identification is GNU 13.3.0
-- The CXX compiler identification is GNU 13.3.0
-- Detecting C compiler ABI info
-- Detecting C compiler ABI info - done
-- Check for working C compiler: /usr/bin/cc - skipped
-- Detecting C compile features
-- Detecting C compile features - done
-- Detecting CXX compiler ABI info
-- Detecting CXX compiler ABI info - done
-- Check for working CXX compiler: /usr/bin/c++ - skipped
-- Detecting CXX compile features
-- Detecting CXX compile features - done
-- Found ament_cmake: 2.5.5 (/opt/ros/jazzy/share/ament_cmake/cmake)
-- Found Python3: /usr/bin/python3 (found version "3.12.3") found components: Interpreter 
-- Override CMake install command with custom implementation using symlinks instead of copying resources
-- Found rclcpp: 28.1.16 (/opt/ros/jazzy/share/rclcpp/cmake)
-- Found rosidl_generator_c: 4.6.7 (/opt/ros/jazzy/share/rosidl_generator_c/cmake)
-- Found rosidl_generator_cpp: 4.6.7 (/opt/ros/jazzy/share/rosidl_generator_cpp/cmake)
-- Using all available rosidl_typesupport_c: rosidl_typesupport_fastrtps_c;rosidl_typesupport_introspection_c
-- Using all available rosidl_typesupport_cpp: rosidl_typesupport_fastrtps_cpp;rosidl_typesupport_introspection_cpp
-- Found rmw_implementation_cmake: 7.3.3 (/opt/ros/jazzy/share/rmw_implementation_cmake/cmake)
-- Found rmw_fastrtps_cpp: 8.4.3 (/opt/ros/jazzy/share/rmw_fastrtps_cpp/cmake)
-- Found OpenSSL: /usr/lib/x86_64-linux-gnu/libcrypto.so (found version "3.0.13")  
-- Found FastRTPS: /opt/ros/jazzy/include (Required is at least version "2.13") 
-- Using RMW implementation 'rmw_fastrtps_cpp' as default
-- Found rclpy: 7.1.9 (/opt/ros/jazzy/share/rclpy/cmake)
-- Found std_msgs: 5.3.6 (/opt/ros/jazzy/share/std_msgs/cmake)
-- Found std_srvs: 5.3.6 (/opt/ros/jazzy/share/std_srvs/cmake)
-- Configuring done (2.1s)
-- Generating done (0.0s)
-- Build files have been written to: /home/erik/rins/src/dis_tutorial3/build/dis_tutorial3
-- Install configuration: ""
-- Execute custom install script
-- Symlinking: /home/erik/rins/src/dis_tutorial3/install/dis_tutorial3/share/dis_tutorial3//launch/dis_sim.launch.py
-- Symlinking: /home/erik/rins/src/dis_tutorial3/install/dis_tutorial3/share/dis_tutorial3//launch/localization.launch.py
-- Symlinking: /home/erik/rins/src/dis_tutorial3/install/dis_tutorial3/share/dis_tutorial3//launch/nav2.launch.py
-- Symlinking: /home/erik/rins/src/dis_tutorial3/install/dis_tutorial3/share/dis_tutorial3//launch/robot_description.launch.py
-- Symlinking: /home/erik/rins/src/dis_tutorial3/install/dis_tutorial3/share/dis_tutorial3//launch/sim.launch.py
-- Symlinking: /home/erik/rins/src/dis_tutorial3/install/dis_tutorial3/share/dis_tutorial3//launch/sim_turtlebot_nav.launch.py
-- Symlinking: /home/erik/rins/src/dis_tutorial3/install/dis_tutorial3/share/dis_tutorial3//launch/sim_turtlebot_slam.launch.py
-- Symlinking: /home/erik/rins/src/dis_tutorial3/install/dis_tutorial3/share/dis_tutorial3//launch/slam.launch.py
-- Symlinking: /home/erik/rins/src/dis_tutorial3/install/dis_tutorial3/share/dis_tutorial3//launch/turtlebot4_spawn.launch.py
-- Symlinking: /home/erik/rins/src/dis_tutorial3/install/dis_tutorial3/share/dis_tutorial3//config/laser_filter_chain.yaml
-- Symlinking: /home/erik/rins/src/dis_tutorial3/install/dis_tutorial3/share/dis_tutorial3//config/localization.yaml
-- Symlinking: /home/erik/rins/src/dis_tutorial3/install/dis_tutorial3/share/dis_tutorial3//config/nav2.yaml
-- Symlinking: /home/erik/rins/src/dis_tutorial3/install/dis_tutorial3/share/dis_tutorial3//config/slam.yaml
-- Symlinking: /home/erik/rins/src/dis_tutorial3/install/dis_tutorial3/share/dis_tutorial3//worlds/2024/task2_demo1.sdf
-- Symlinking: /home/erik/rins/src/dis_tutorial3/install/dis_tutorial3/share/dis_tutorial3//worlds/2024/task2_demo1_meshes/cylinders.jpg
-- Symlinking: /home/erik/rins/src/dis_tutorial3/install/dis_tutorial3/share/dis_tutorial3//worlds/2024/task2_demo1_meshes/fakering1.jpg
-- Symlinking: /home/erik/rins/src/dis_tutorial3/install/dis_tutorial3/share/dis_tutorial3//worlds/2024/task2_demo1_meshes/fakering2.jpg
-- Symlinking: /home/erik/rins/src/dis_tutorial3/install/dis_tutorial3/share/dis_tutorial3//worlds/2024/task2_demo1_meshes/fakering3.jpg
-- Symlinking: /home/erik/rins/src/dis_tutorial3/install/dis_tutorial3/share/dis_tutorial3//worlds/2024/task2_demo1_meshes/ground.jpg
-- Symlinking: /home/erik/rins/src/dis_tutorial3/install/dis_tutorial3/share/dis_tutorial3//worlds/2024/task2_demo1_meshes/map.dae
-- Symlinking: /home/erik/rins/src/dis_tutorial3/install/dis_tutorial3/share/dis_tutorial3//worlds/2024/task2_demo1_meshes/map_colliders.dae
-- Symlinking: /home/erik/rins/src/dis_tutorial3/install/dis_tutorial3/share/dis_tutorial3//worlds/2024/task2_demo1_meshes/objects.jpg
-- Symlinking: /home/erik/rins/src/dis_tutorial3/install/dis_tutorial3/share/dis_tutorial3//worlds/2024/task2_demo1_meshes/parking_space.jpg
-- Symlinking: /home/erik/rins/src/dis_tutorial3/install/dis_tutorial3/share/dis_tutorial3//worlds/2024/task2_demo2.sdf
-- Symlinking: /home/erik/rins/src/dis_tutorial3/install/dis_tutorial3/share/dis_tutorial3//worlds/2024/task2_demo2_meshes/cylinders.jpg
-- Symlinking: /home/erik/rins/src/dis_tutorial3/install/dis_tutorial3/share/dis_tutorial3//worlds/2024/task2_demo2_meshes/fakering1.jpg
-- Symlinking: /home/erik/rins/src/dis_tutorial3/install/dis_tutorial3/share/dis_tutorial3//worlds/2024/task2_demo2_meshes/fakering2.jpg
-- Symlinking: /home/erik/rins/src/dis_tutorial3/install/dis_tutorial3/share/dis_tutorial3//worlds/2024/task2_demo2_meshes/fakering3.jpg
-- Symlinking: /home/erik/rins/src/dis_tutorial3/install/dis_tutorial3/share/dis_tutorial3//worlds/2024/task2_demo2_meshes/ground.jpg
-- Symlinking: /home/erik/rins/src/dis_tutorial3/install/dis_tutorial3/share/dis_tutorial3//worlds/2024/task2_demo2_meshes/map.dae
-- Symlinking: /home/erik/rins/src/dis_tutorial3/install/dis_tutorial3/share/dis_tutorial3//worlds/2024/task2_demo2_meshes/map_colliders.dae
-- Symlinking: /home/erik/rins/src/dis_tutorial3/install/dis_tutorial3/share/dis_tutorial3//worlds/2024/task2_demo2_meshes/objects.jpg
-- Symlinking: /home/erik/rins/src/dis_tutorial3/install/dis_tutorial3/share/dis_tutorial3//worlds/2024/task2_demo2_meshes/parking_space.jpg
-- Symlinking: /home/erik/rins/src/dis_tutorial3/install/dis_tutorial3/share/dis_tutorial3//worlds/2024/task3.sdf
-- Symlinking: /home/erik/rins/src/dis_tutorial3/install/dis_tutorial3/share/dis_tutorial3//worlds/2024/task3_meshes/anomona_0.png
-- Symlinking: /home/erik/rins/src/dis_tutorial3/install/dis_tutorial3/share/dis_tutorial3//worlds/2024/task3_meshes/anomona_1.png
-- Symlinking: /home/erik/rins/src/dis_tutorial3/install/dis_tutorial3/share/dis_tutorial3//worlds/2024/task3_meshes/anomona_2.png
-- Symlinking: /home/erik/rins/src/dis_tutorial3/install/dis_tutorial3/share/dis_tutorial3//worlds/2024/task3_meshes/anomona_3.png
-- Symlinking: /home/erik/rins/src/dis_tutorial3/install/dis_tutorial3/share/dis_tutorial3//worlds/2024/task3_meshes/anomona_4.png
-- Symlinking: /home/erik/rins/src/dis_tutorial3/install/dis_tutorial3/share/dis_tutorial3//worlds/2024/task3_meshes/cylinders.jpg
-- Symlinking: /home/erik/rins/src/dis_tutorial3/install/dis_tutorial3/share/dis_tutorial3//worlds/2024/task3_meshes/easy_anomona_0.png
-- Symlinking: /home/erik/rins/src/dis_tutorial3/install/dis_tutorial3/share/dis_tutorial3//worlds/2024/task3_meshes/easy_anomona_1.png
-- Symlinking: /home/erik/rins/src/dis_tutorial3/install/dis_tutorial3/share/dis_tutorial3//worlds/2024/task3_meshes/easy_anomona_2.png
-- Symlinking: /home/erik/rins/src/dis_tutorial3/install/dis_tutorial3/share/dis_tutorial3//worlds/2024/task3_meshes/easy_anomona_3.png
-- Symlinking: /home/erik/rins/src/dis_tutorial3/install/dis_tutorial3/share/dis_tutorial3//worlds/2024/task3_meshes/easy_anomona_4.png
-- Symlinking: /home/erik/rins/src/dis_tutorial3/install/dis_tutorial3/share/dis_tutorial3//worlds/2024/task3_meshes/fakering1.jpg
-- Symlinking: /home/erik/rins/src/dis_tutorial3/install/dis_tutorial3/share/dis_tutorial3//worlds/2024/task3_meshes/fakering2.jpg
-- Symlinking: /home/erik/rins/src/dis_tutorial3/install/dis_tutorial3/share/dis_tutorial3//worlds/2024/task3_meshes/fakering3.jpg
-- Symlinking: /home/erik/rins/src/dis_tutorial3/install/dis_tutorial3/share/dis_tutorial3//worlds/2024/task3_meshes/ground.jpg
-- Symlinking: /home/erik/rins/src/dis_tutorial3/install/dis_tutorial3/share/dis_tutorial3//worlds/2024/task3_meshes/map.dae
-- Symlinking: /home/erik/rins/src/dis_tutorial3/install/dis_tutorial3/share/dis_tutorial3//worlds/2024/task3_meshes/map_colliders.dae
-- Symlinking: /home/erik/rins/src/dis_tutorial3/install/dis_tutorial3/share/dis_tutorial3//worlds/2024/task3_meshes/mona.png
-- Symlinking: /home/erik/rins/src/dis_tutorial3/install/dis_tutorial3/share/dis_tutorial3//worlds/2024/task3_meshes/objects.jpg
-- Symlinking: /home/erik/rins/src/dis_tutorial3/install/dis_tutorial3/share/dis_tutorial3//worlds/2024/task3_meshes/parking_space.jpg
-- Symlinking: /home/erik/rins/src/dis_tutorial3/install/dis_tutorial3/share/dis_tutorial3//worlds/2024/task3_meshes/qr_cheat.png
-- Symlinking: /home/erik/rins/src/dis_tutorial3/install/dis_tutorial3/share/dis_tutorial3//worlds/2024/task3_meshes/qr_url.png
-- Symlinking: /home/erik/rins/src/dis_tutorial3/install/dis_tutorial3/share/dis_tutorial3//worlds/2024/task3_meshes/qr_wrong.png
-- Symlinking: /home/erik/rins/src/dis_tutorial3/install/dis_tutorial3/share/dis_tutorial3//worlds/2024/task3_meshes/villager1.png
-- Symlinking: /home/erik/rins/src/dis_tutorial3/install/dis_tutorial3/share/dis_tutorial3//worlds/2024/task3_meshes/villager2.png
-- Symlinking: /home/erik/rins/src/dis_tutorial3/install/dis_tutorial3/share/dis_tutorial3//worlds/2024/task3_meshes/villager3.png
-- Symlinking: /home/erik/rins/src/dis_tutorial3/install/dis_tutorial3/share/dis_tutorial3//worlds/2024/task3_meshes/villager4.png
-- Symlinking: /home/erik/rins/src/dis_tutorial3/install/dis_tutorial3/share/dis_tutorial3//worlds/2024/task3_meshes/villager5.png
-- Symlinking: /home/erik/rins/src/dis_tutorial3/install/dis_tutorial3/share/dis_tutorial3//worlds/bird_demo1.sdf
-- Symlinking: /home/erik/rins/src/dis_tutorial3/install/dis_tutorial3/share/dis_tutorial3//worlds/bird_demo1_meshes/black.jpg
-- Symlinking: /home/erik/rins/src/dis_tutorial3/install/dis_tutorial3/share/dis_tutorial3//worlds/bird_demo1_meshes/blue.jpg
-- Symlinking: /home/erik/rins/src/dis_tutorial3/install/dis_tutorial3/share/dis_tutorial3//worlds/bird_demo1_meshes/dirt2.jpg
-- Symlinking: /home/erik/rins/src/dis_tutorial3/install/dis_tutorial3/share/dis_tutorial3//worlds/bird_demo1_meshes/fakering1.jpg
-- Symlinking: /home/erik/rins/src/dis_tutorial3/install/dis_tutorial3/share/dis_tutorial3//worlds/bird_demo1_meshes/fakering2.jpg
-- Symlinking: /home/erik/rins/src/dis_tutorial3/install/dis_tutorial3/share/dis_tutorial3//worlds/bird_demo1_meshes/fakering3.jpg
-- Symlinking: /home/erik/rins/src/dis_tutorial3/install/dis_tutorial3/share/dis_tutorial3//worlds/bird_demo1_meshes/frigatebird.jpg
-- Symlinking: /home/erik/rins/src/dis_tutorial3/install/dis_tutorial3/share/dis_tutorial3//worlds/bird_demo1_meshes/grass.jpg
-- Symlinking: /home/erik/rins/src/dis_tutorial3/install/dis_tutorial3/share/dis_tutorial3//worlds/bird_demo1_meshes/grass_side.jpg
-- Symlinking: /home/erik/rins/src/dis_tutorial3/install/dis_tutorial3/share/dis_tutorial3//worlds/bird_demo1_meshes/green.jpg
-- Symlinking: /home/erik/rins/src/dis_tutorial3/install/dis_tutorial3/share/dis_tutorial3//worlds/bird_demo1_meshes/green_kingfisher.jpg
-- Symlinking: /home/erik/rins/src/dis_tutorial3/install/dis_tutorial3/share/dis_tutorial3//worlds/bird_demo1_meshes/ground.jpg
-- Symlinking: /home/erik/rins/src/dis_tutorial3/install/dis_tutorial3/share/dis_tutorial3//worlds/bird_demo1_meshes/map.dae
-- Symlinking: /home/erik/rins/src/dis_tutorial3/install/dis_tutorial3/share/dis_tutorial3//worlds/bird_demo1_meshes/map_colliders.dae
-- Symlinking: /home/erik/rins/src/dis_tutorial3/install/dis_tutorial3/share/dis_tutorial3//worlds/bird_demo1_meshes/objects.jpg
-- Symlinking: /home/erik/rins/src/dis_tutorial3/install/dis_tutorial3/share/dis_tutorial3//worlds/bird_demo1_meshes/person1.png
-- Symlinking: /home/erik/rins/src/dis_tutorial3/install/dis_tutorial3/share/dis_tutorial3//worlds/bird_demo1_meshes/person13.png
-- Symlinking: /home/erik/rins/src/dis_tutorial3/install/dis_tutorial3/share/dis_tutorial3//worlds/bird_demo1_meshes/person14.png
-- Symlinking: /home/erik/rins/src/dis_tutorial3/install/dis_tutorial3/share/dis_tutorial3//worlds/bird_demo1_meshes/person2.png.001.png
-- Symlinking: /home/erik/rins/src/dis_tutorial3/install/dis_tutorial3/share/dis_tutorial3//worlds/bird_demo1_meshes/person5.png.001.png
-- Symlinking: /home/erik/rins/src/dis_tutorial3/install/dis_tutorial3/share/dis_tutorial3//worlds/bird_demo1_meshes/person7.png
-- Symlinking: /home/erik/rins/src/dis_tutorial3/install/dis_tutorial3/share/dis_tutorial3//worlds/bird_demo1_meshes/qr1.jpg
-- Symlinking: /home/erik/rins/src/dis_tutorial3/install/dis_tutorial3/share/dis_tutorial3//worlds/bird_demo1_meshes/qr2.jpg
-- Symlinking: /home/erik/rins/src/dis_tutorial3/install/dis_tutorial3/share/dis_tutorial3//worlds/bird_demo1_meshes/qr3.jpg
-- Symlinking: /home/erik/rins/src/dis_tutorial3/install/dis_tutorial3/share/dis_tutorial3//worlds/bird_demo1_meshes/qr4.jpg
-- Symlinking: /home/erik/rins/src/dis_tutorial3/install/dis_tutorial3/share/dis_tutorial3//worlds/bird_demo1_meshes/red.jpg
-- Symlinking: /home/erik/rins/src/dis_tutorial3/install/dis_tutorial3/share/dis_tutorial3//worlds/bird_demo1_meshes/rosy_finch.jpg
-- Symlinking: /home/erik/rins/src/dis_tutorial3/install/dis_tutorial3/share/dis_tutorial3//worlds/bird_demo1_meshes/rusty_blackbird.jpg
-- Symlinking: /home/erik/rins/src/dis_tutorial3/install/dis_tutorial3/share/dis_tutorial3//worlds/bird_demo1_meshes/water.jpg
-- Symlinking: /home/erik/rins/src/dis_tutorial3/install/dis_tutorial3/share/dis_tutorial3//worlds/bird_demo1_meshes/wood.jpg
-- Symlinking: /home/erik/rins/src/dis_tutorial3/install/dis_tutorial3/share/dis_tutorial3//worlds/bird_demo1_meshes/yellow.jpg
-- Symlinking: /home/erik/rins/src/dis_tutorial3/install/dis_tutorial3/share/dis_tutorial3//worlds/bird_demo2.sdf
-- Symlinking: /home/erik/rins/src/dis_tutorial3/install/dis_tutorial3/share/dis_tutorial3//worlds/bird_demo2_meshes/baltimore_oriole.jpg
-- Symlinking: /home/erik/rins/src/dis_tutorial3/install/dis_tutorial3/share/dis_tutorial3//worlds/bird_demo2_meshes/black.jpg
-- Symlinking: /home/erik/rins/src/dis_tutorial3/install/dis_tutorial3/share/dis_tutorial3//worlds/bird_demo2_meshes/blue.jpg
-- Symlinking: /home/erik/rins/src/dis_tutorial3/install/dis_tutorial3/share/dis_tutorial3//worlds/bird_demo2_meshes/blue_jay.jpg
-- Symlinking: /home/erik/rins/src/dis_tutorial3/install/dis_tutorial3/share/dis_tutorial3//worlds/bird_demo2_meshes/dirt2.jpg
-- Symlinking: /home/erik/rins/src/dis_tutorial3/install/dis_tutorial3/share/dis_tutorial3//worlds/bird_demo2_meshes/fakering1.jpg
-- Symlinking: /home/erik/rins/src/dis_tutorial3/install/dis_tutorial3/share/dis_tutorial3//worlds/bird_demo2_meshes/fakering3.jpg
-- Symlinking: /home/erik/rins/src/dis_tutorial3/install/dis_tutorial3/share/dis_tutorial3//worlds/bird_demo2_meshes/grass.jpg
-- Symlinking: /home/erik/rins/src/dis_tutorial3/install/dis_tutorial3/share/dis_tutorial3//worlds/bird_demo2_meshes/green.jpg
-- Symlinking: /home/erik/rins/src/dis_tutorial3/install/dis_tutorial3/share/dis_tutorial3//worlds/bird_demo2_meshes/ground.jpg
-- Symlinking: /home/erik/rins/src/dis_tutorial3/install/dis_tutorial3/share/dis_tutorial3//worlds/bird_demo2_meshes/horned_puffin.jpeg
-- Symlinking: /home/erik/rins/src/dis_tutorial3/install/dis_tutorial3/share/dis_tutorial3//worlds/bird_demo2_meshes/map.dae
-- Symlinking: /home/erik/rins/src/dis_tutorial3/install/dis_tutorial3/share/dis_tutorial3//worlds/bird_demo2_meshes/map_colliders.dae
-- Symlinking: /home/erik/rins/src/dis_tutorial3/install/dis_tutorial3/share/dis_tutorial3//worlds/bird_demo2_meshes/objects.jpg
-- Symlinking: /home/erik/rins/src/dis_tutorial3/install/dis_tutorial3/share/dis_tutorial3//worlds/bird_demo2_meshes/person11.png
-- Symlinking: /home/erik/rins/src/dis_tutorial3/install/dis_tutorial3/share/dis_tutorial3//worlds/bird_demo2_meshes/person17.png
-- Symlinking: /home/erik/rins/src/dis_tutorial3/install/dis_tutorial3/share/dis_tutorial3//worlds/bird_demo2_meshes/person4.png
-- Symlinking: /home/erik/rins/src/dis_tutorial3/install/dis_tutorial3/share/dis_tutorial3//worlds/bird_demo2_meshes/person8.png
-- Symlinking: /home/erik/rins/src/dis_tutorial3/install/dis_tutorial3/share/dis_tutorial3//worlds/bird_demo2_meshes/purple_finch.jpg
-- Symlinking: /home/erik/rins/src/dis_tutorial3/install/dis_tutorial3/share/dis_tutorial3//worlds/bird_demo2_meshes/qr_finch.jpg
-- Symlinking: /home/erik/rins/src/dis_tutorial3/install/dis_tutorial3/share/dis_tutorial3//worlds/bird_demo2_meshes/qr_jay.jpg
-- Symlinking: /home/erik/rins/src/dis_tutorial3/install/dis_tutorial3/share/dis_tutorial3//worlds/bird_demo2_meshes/qr_oriole.jpg
-- Symlinking: /home/erik/rins/src/dis_tutorial3/install/dis_tutorial3/share/dis_tutorial3//worlds/bird_demo2_meshes/qr_puffin.jpg
-- Symlinking: /home/erik/rins/src/dis_tutorial3/install/dis_tutorial3/share/dis_tutorial3//worlds/bird_demo2_meshes/red.jpg
-- Symlinking: /home/erik/rins/src/dis_tutorial3/install/dis_tutorial3/share/dis_tutorial3//worlds/bird_demo2_meshes/water.jpg
-- Symlinking: /home/erik/rins/src/dis_tutorial3/install/dis_tutorial3/share/dis_tutorial3//worlds/bird_demo2_meshes/wood.jpg
-- Symlinking: /home/erik/rins/src/dis_tutorial3/install/dis_tutorial3/share/dis_tutorial3//worlds/bird_demo2_meshes/yellow.jpg
-- Symlinking: /home/erik/rins/src/dis_tutorial3/install/dis_tutorial3/share/dis_tutorial3//worlds/bird_demo3.sdf
-- Symlinking: /home/erik/rins/src/dis_tutorial3/install/dis_tutorial3/share/dis_tutorial3//worlds/bird_demo3_meshes/Great_Grey_Shrike.jpg
-- Symlinking: /home/erik/rins/src/dis_tutorial3/install/dis_tutorial3/share/dis_tutorial3//worlds/bird_demo3_meshes/Laysan_Albatross.jpeg
-- Symlinking: /home/erik/rins/src/dis_tutorial3/install/dis_tutorial3/share/dis_tutorial3//worlds/bird_demo3_meshes/black.jpg
-- Symlinking: /home/erik/rins/src/dis_tutorial3/install/dis_tutorial3/share/dis_tutorial3//worlds/bird_demo3_meshes/blue.jpg
-- Symlinking: /home/erik/rins/src/dis_tutorial3/install/dis_tutorial3/share/dis_tutorial3//worlds/bird_demo3_meshes/dirt2.jpg
-- Symlinking: /home/erik/rins/src/dis_tutorial3/install/dis_tutorial3/share/dis_tutorial3//worlds/bird_demo3_meshes/european_goldfinch.jpg
-- Symlinking: /home/erik/rins/src/dis_tutorial3/install/dis_tutorial3/share/dis_tutorial3//worlds/bird_demo3_meshes/fakering1.jpg
-- Symlinking: /home/erik/rins/src/dis_tutorial3/install/dis_tutorial3/share/dis_tutorial3//worlds/bird_demo3_meshes/fakering3.jpg
-- Symlinking: /home/erik/rins/src/dis_tutorial3/install/dis_tutorial3/share/dis_tutorial3//worlds/bird_demo3_meshes/grass.jpg
-- Symlinking: /home/erik/rins/src/dis_tutorial3/install/dis_tutorial3/share/dis_tutorial3//worlds/bird_demo3_meshes/green.jpg
-- Symlinking: /home/erik/rins/src/dis_tutorial3/install/dis_tutorial3/share/dis_tutorial3//worlds/bird_demo3_meshes/ground.jpg
-- Symlinking: /home/erik/rins/src/dis_tutorial3/install/dis_tutorial3/share/dis_tutorial3//worlds/bird_demo3_meshes/map.dae
-- Symlinking: /home/erik/rins/src/dis_tutorial3/install/dis_tutorial3/share/dis_tutorial3//worlds/bird_demo3_meshes/map_colliders.dae
-- Symlinking: /home/erik/rins/src/dis_tutorial3/install/dis_tutorial3/share/dis_tutorial3//worlds/bird_demo3_meshes/objects.jpg
-- Symlinking: /home/erik/rins/src/dis_tutorial3/install/dis_tutorial3/share/dis_tutorial3//worlds/bird_demo3_meshes/person16.png
-- Symlinking: /home/erik/rins/src/dis_tutorial3/install/dis_tutorial3/share/dis_tutorial3//worlds/bird_demo3_meshes/person18.png
-- Symlinking: /home/erik/rins/src/dis_tutorial3/install/dis_tutorial3/share/dis_tutorial3//worlds/bird_demo3_meshes/person19.png
-- Symlinking: /home/erik/rins/src/dis_tutorial3/install/dis_tutorial3/share/dis_tutorial3//worlds/bird_demo3_meshes/person23.png
-- Symlinking: /home/erik/rins/src/dis_tutorial3/install/dis_tutorial3/share/dis_tutorial3//worlds/bird_demo3_meshes/qr_albatross.jpg
-- Symlinking: /home/erik/rins/src/dis_tutorial3/install/dis_tutorial3/share/dis_tutorial3//worlds/bird_demo3_meshes/qr_finch.jpg
-- Symlinking: /home/erik/rins/src/dis_tutorial3/install/dis_tutorial3/share/dis_tutorial3//worlds/bird_demo3_meshes/qr_flycatcher.jpg
-- Symlinking: /home/erik/rins/src/dis_tutorial3/install/dis_tutorial3/share/dis_tutorial3//worlds/bird_demo3_meshes/qr_shrike.jpg
-- Symlinking: /home/erik/rins/src/dis_tutorial3/install/dis_tutorial3/share/dis_tutorial3//worlds/bird_demo3_meshes/red.jpg
-- Symlinking: /home/erik/rins/src/dis_tutorial3/install/dis_tutorial3/share/dis_tutorial3//worlds/bird_demo3_meshes/vermilion_flycatcher.jpg
-- Symlinking: /home/erik/rins/src/dis_tutorial3/install/dis_tutorial3/share/dis_tutorial3//worlds/bird_demo3_meshes/water.jpg
-- Symlinking: /home/erik/rins/src/dis_tutorial3/install/dis_tutorial3/share/dis_tutorial3//worlds/bird_demo3_meshes/wood.jpg
-- Symlinking: /home/erik/rins/src/dis_tutorial3/install/dis_tutorial3/share/dis_tutorial3//worlds/bird_demo3_meshes/yellow.jpg
-- Symlinking: /home/erik/rins/src/dis_tutorial3/install/dis_tutorial3/share/dis_tutorial3//worlds/demo1.sdf
-- Symlinking: /home/erik/rins/src/dis_tutorial3/install/dis_tutorial3/share/dis_tutorial3//worlds/demo1_meshes/cylinders.jpg
-- Symlinking: /home/erik/rins/src/dis_tutorial3/install/dis_tutorial3/share/dis_tutorial3//worlds/demo1_meshes/fakering1.jpg
-- Symlinking: /home/erik/rins/src/dis_tutorial3/install/dis_tutorial3/share/dis_tutorial3//worlds/demo1_meshes/fakering2.jpg
-- Symlinking: /home/erik/rins/src/dis_tutorial3/install/dis_tutorial3/share/dis_tutorial3//worlds/demo1_meshes/fakering3.jpg
-- Symlinking: /home/erik/rins/src/dis_tutorial3/install/dis_tutorial3/share/dis_tutorial3//worlds/demo1_meshes/ground.jpg
-- Symlinking: /home/erik/rins/src/dis_tutorial3/install/dis_tutorial3/share/dis_tutorial3//worlds/demo1_meshes/map.dae
-- Symlinking: /home/erik/rins/src/dis_tutorial3/install/dis_tutorial3/share/dis_tutorial3//worlds/demo1_meshes/map_colliders.dae
-- Symlinking: /home/erik/rins/src/dis_tutorial3/install/dis_tutorial3/share/dis_tutorial3//worlds/demo1_meshes/objects.jpg
-- Symlinking: /home/erik/rins/src/dis_tutorial3/install/dis_tutorial3/share/dis_tutorial3//worlds/demo1_meshes/parking_space.jpg
-- Symlinking: /home/erik/rins/src/dis_tutorial3/install/dis_tutorial3/share/dis_tutorial3//worlds/demo1_meshes/person1.png
-- Symlinking: /home/erik/rins/src/dis_tutorial3/install/dis_tutorial3/share/dis_tutorial3//worlds/demo1_meshes/person11.png
-- Symlinking: /home/erik/rins/src/dis_tutorial3/install/dis_tutorial3/share/dis_tutorial3//worlds/demo1_meshes/person2.png
-- Symlinking: /home/erik/rins/src/dis_tutorial3/install/dis_tutorial3/share/dis_tutorial3//worlds/demo1_meshes/person3.png
-- Symlinking: /home/erik/rins/src/dis_tutorial3/install/dis_tutorial3/share/dis_tutorial3//worlds/demo1_meshes/person4.png
-- Symlinking: /home/erik/rins/src/dis_tutorial3/install/dis_tutorial3/share/dis_tutorial3//worlds/demo1_meshes/person5.png
-- Symlinking: /home/erik/rins/src/dis_tutorial3/install/dis_tutorial3/share/dis_tutorial3//worlds/demo1_meshes/qr1.jpg
-- Symlinking: /home/erik/rins/src/dis_tutorial3/install/dis_tutorial3/share/dis_tutorial3//worlds/demo1_meshes/qr2.jpg
-- Symlinking: /home/erik/rins/src/dis_tutorial3/install/dis_tutorial3/share/dis_tutorial3//worlds/demo2.sdf
-- Symlinking: /home/erik/rins/src/dis_tutorial3/install/dis_tutorial3/share/dis_tutorial3//worlds/demo2_meshes/cylinders.jpg
-- Symlinking: /home/erik/rins/src/dis_tutorial3/install/dis_tutorial3/share/dis_tutorial3//worlds/demo2_meshes/fakering1.jpg
-- Symlinking: /home/erik/rins/src/dis_tutorial3/install/dis_tutorial3/share/dis_tutorial3//worlds/demo2_meshes/fakering2.jpg
-- Symlinking: /home/erik/rins/src/dis_tutorial3/install/dis_tutorial3/share/dis_tutorial3//worlds/demo2_meshes/fakering3.jpg
-- Symlinking: /home/erik/rins/src/dis_tutorial3/install/dis_tutorial3/share/dis_tutorial3//worlds/demo2_meshes/ground.jpg
-- Symlinking: /home/erik/rins/src/dis_tutorial3/install/dis_tutorial3/share/dis_tutorial3//worlds/demo2_meshes/map.dae
-- Symlinking: /home/erik/rins/src/dis_tutorial3/install/dis_tutorial3/share/dis_tutorial3//worlds/demo2_meshes/map_colliders.dae
-- Symlinking: /home/erik/rins/src/dis_tutorial3/install/dis_tutorial3/share/dis_tutorial3//worlds/demo2_meshes/objects.jpg
-- Symlinking: /home/erik/rins/src/dis_tutorial3/install/dis_tutorial3/share/dis_tutorial3//worlds/demo2_meshes/parking_space.jpg
-- Symlinking: /home/erik/rins/src/dis_tutorial3/install/dis_tutorial3/share/dis_tutorial3//worlds/demo2_meshes/person18.png
-- Symlinking: /home/erik/rins/src/dis_tutorial3/install/dis_tutorial3/share/dis_tutorial3//worlds/demo2_meshes/person20.png
-- Symlinking: /home/erik/rins/src/dis_tutorial3/install/dis_tutorial3/share/dis_tutorial3//worlds/demo2_meshes/person6.png
-- Symlinking: /home/erik/rins/src/dis_tutorial3/install/dis_tutorial3/share/dis_tutorial3//worlds/demo2_meshes/person7.png
-- Symlinking: /home/erik/rins/src/dis_tutorial3/install/dis_tutorial3/share/dis_tutorial3//worlds/demo2_meshes/person8.png
-- Symlinking: /home/erik/rins/src/dis_tutorial3/install/dis_tutorial3/share/dis_tutorial3//worlds/demo2_meshes/person9.png
-- Symlinking: /home/erik/rins/src/dis_tutorial3/install/dis_tutorial3/share/dis_tutorial3//worlds/demo2_meshes/qr1.jpg
-- Symlinking: /home/erik/rins/src/dis_tutorial3/install/dis_tutorial3/share/dis_tutorial3//worlds/demo2_meshes/qr2.jpg
-- Symlinking: /home/erik/rins/src/dis_tutorial3/install/dis_tutorial3/share/dis_tutorial3//worlds/demo3.sdf
-- Symlinking: /home/erik/rins/src/dis_tutorial3/install/dis_tutorial3/share/dis_tutorial3//worlds/demo3_meshes/black.jpg
-- Symlinking: /home/erik/rins/src/dis_tutorial3/install/dis_tutorial3/share/dis_tutorial3//worlds/demo3_meshes/blue.jpg
-- Symlinking: /home/erik/rins/src/dis_tutorial3/install/dis_tutorial3/share/dis_tutorial3//worlds/demo3_meshes/fakering1.jpg
-- Symlinking: /home/erik/rins/src/dis_tutorial3/install/dis_tutorial3/share/dis_tutorial3//worlds/demo3_meshes/fakering2.jpg
-- Symlinking: /home/erik/rins/src/dis_tutorial3/install/dis_tutorial3/share/dis_tutorial3//worlds/demo3_meshes/fakering3.jpg
-- Symlinking: /home/erik/rins/src/dis_tutorial3/install/dis_tutorial3/share/dis_tutorial3//worlds/demo3_meshes/green.jpg
-- Symlinking: /home/erik/rins/src/dis_tutorial3/install/dis_tutorial3/share/dis_tutorial3//worlds/demo3_meshes/ground.jpg
-- Symlinking: /home/erik/rins/src/dis_tutorial3/install/dis_tutorial3/share/dis_tutorial3//worlds/demo3_meshes/map.dae
-- Symlinking: /home/erik/rins/src/dis_tutorial3/install/dis_tutorial3/share/dis_tutorial3//worlds/demo3_meshes/map_colliders.dae
-- Symlinking: /home/erik/rins/src/dis_tutorial3/install/dis_tutorial3/share/dis_tutorial3//worlds/demo3_meshes/objects.jpg
-- Symlinking: /home/erik/rins/src/dis_tutorial3/install/dis_tutorial3/share/dis_tutorial3//worlds/demo3_meshes/parking_space.jpg
-- Symlinking: /home/erik/rins/src/dis_tutorial3/install/dis_tutorial3/share/dis_tutorial3//worlds/demo3_meshes/person15.png
-- Symlinking: /home/erik/rins/src/dis_tutorial3/install/dis_tutorial3/share/dis_tutorial3//worlds/demo3_meshes/person17.png
-- Symlinking: /home/erik/rins/src/dis_tutorial3/install/dis_tutorial3/share/dis_tutorial3//worlds/demo3_meshes/person21.png
-- Symlinking: /home/erik/rins/src/dis_tutorial3/install/dis_tutorial3/share/dis_tutorial3//worlds/demo3_meshes/person22.png
-- Symlinking: /home/erik/rins/src/dis_tutorial3/install/dis_tutorial3/share/dis_tutorial3//worlds/demo3_meshes/person24.png
-- Symlinking: /home/erik/rins/src/dis_tutorial3/install/dis_tutorial3/share/dis_tutorial3//worlds/demo3_meshes/qr1.jpg
-- Symlinking: /home/erik/rins/src/dis_tutorial3/install/dis_tutorial3/share/dis_tutorial3//worlds/demo3_meshes/qr2.jpg
-- Symlinking: /home/erik/rins/src/dis_tutorial3/install/dis_tutorial3/share/dis_tutorial3//worlds/demo3_meshes/red.jpg
-- Symlinking: /home/erik/rins/src/dis_tutorial3/install/dis_tutorial3/share/dis_tutorial3//worlds/demo3_meshes/yellow.jpg
-- Symlinking: /home/erik/rins/src/dis_tutorial3/install/dis_tutorial3/share/dis_tutorial3//worlds/demo4.sdf
-- Symlinking: /home/erik/rins/src/dis_tutorial3/install/dis_tutorial3/share/dis_tutorial3//worlds/demo4_meshes/black.jpg
-- Symlinking: /home/erik/rins/src/dis_tutorial3/install/dis_tutorial3/share/dis_tutorial3//worlds/demo4_meshes/blue.jpg
-- Symlinking: /home/erik/rins/src/dis_tutorial3/install/dis_tutorial3/share/dis_tutorial3//worlds/demo4_meshes/fakering1.jpg
-- Symlinking: /home/erik/rins/src/dis_tutorial3/install/dis_tutorial3/share/dis_tutorial3//worlds/demo4_meshes/fakering2.jpg
-- Symlinking: /home/erik/rins/src/dis_tutorial3/install/dis_tutorial3/share/dis_tutorial3//worlds/demo4_meshes/fakering3.jpg
-- Symlinking: /home/erik/rins/src/dis_tutorial3/install/dis_tutorial3/share/dis_tutorial3//worlds/demo4_meshes/green.jpg
-- Symlinking: /home/erik/rins/src/dis_tutorial3/install/dis_tutorial3/share/dis_tutorial3//worlds/demo4_meshes/ground.jpg
-- Symlinking: /home/erik/rins/src/dis_tutorial3/install/dis_tutorial3/share/dis_tutorial3//worlds/demo4_meshes/map.dae
-- Symlinking: /home/erik/rins/src/dis_tutorial3/install/dis_tutorial3/share/dis_tutorial3//worlds/demo4_meshes/map_colliders.dae
-- Symlinking: /home/erik/rins/src/dis_tutorial3/install/dis_tutorial3/share/dis_tutorial3//worlds/demo4_meshes/objects.jpg
-- Symlinking: /home/erik/rins/src/dis_tutorial3/install/dis_tutorial3/share/dis_tutorial3//worlds/demo4_meshes/parking_space.jpg
-- Symlinking: /home/erik/rins/src/dis_tutorial3/install/dis_tutorial3/share/dis_tutorial3//worlds/demo4_meshes/person13.png
-- Symlinking: /home/erik/rins/src/dis_tutorial3/install/dis_tutorial3/share/dis_tutorial3//worlds/demo4_meshes/person2.png.001.png
-- Symlinking: /home/erik/rins/src/dis_tutorial3/install/dis_tutorial3/share/dis_tutorial3//worlds/demo4_meshes/person3.png.001.png
-- Symlinking: /home/erik/rins/src/dis_tutorial3/install/dis_tutorial3/share/dis_tutorial3//worlds/demo4_meshes/person4.png.001.png
-- Symlinking: /home/erik/rins/src/dis_tutorial3/install/dis_tutorial3/share/dis_tutorial3//worlds/demo4_meshes/person5.png.001.png
-- Symlinking: /home/erik/rins/src/dis_tutorial3/install/dis_tutorial3/share/dis_tutorial3//worlds/demo4_meshes/person6.png
-- Symlinking: /home/erik/rins/src/dis_tutorial3/install/dis_tutorial3/share/dis_tutorial3//worlds/demo4_meshes/qr1.jpg
-- Symlinking: /home/erik/rins/src/dis_tutorial3/install/dis_tutorial3/share/dis_tutorial3//worlds/demo4_meshes/qr2.jpg
-- Symlinking: /home/erik/rins/src/dis_tutorial3/install/dis_tutorial3/share/dis_tutorial3//worlds/demo4_meshes/red.jpg
-- Symlinking: /home/erik/rins/src/dis_tutorial3/install/dis_tutorial3/share/dis_tutorial3//worlds/demo4_meshes/yellow.jpg
-- Symlinking: /home/erik/rins/src/dis_tutorial3/install/dis_tutorial3/share/dis_tutorial3//worlds/dis.sdf
-- Symlinking: /home/erik/rins/src/dis_tutorial3/install/dis_tutorial3/share/dis_tutorial3//worlds/dis_meshes/cylinders.jpg
-- Symlinking: /home/erik/rins/src/dis_tutorial3/install/dis_tutorial3/share/dis_tutorial3//worlds/dis_meshes/davinci.jpg
-- Symlinking: /home/erik/rins/src/dis_tutorial3/install/dis_tutorial3/share/dis_tutorial3//worlds/dis_meshes/fakering1.jpg
-- Symlinking: /home/erik/rins/src/dis_tutorial3/install/dis_tutorial3/share/dis_tutorial3//worlds/dis_meshes/fakering2.jpg
-- Symlinking: /home/erik/rins/src/dis_tutorial3/install/dis_tutorial3/share/dis_tutorial3//worlds/dis_meshes/fakering3.jpg
-- Symlinking: /home/erik/rins/src/dis_tutorial3/install/dis_tutorial3/share/dis_tutorial3//worlds/dis_meshes/ground.jpg
-- Symlinking: /home/erik/rins/src/dis_tutorial3/install/dis_tutorial3/share/dis_tutorial3//worlds/dis_meshes/map.dae
-- Symlinking: /home/erik/rins/src/dis_tutorial3/install/dis_tutorial3/share/dis_tutorial3//worlds/dis_meshes/map_colliders.dae
-- Symlinking: /home/erik/rins/src/dis_tutorial3/install/dis_tutorial3/share/dis_tutorial3//worlds/dis_meshes/mona1.jpg
-- Symlinking: /home/erik/rins/src/dis_tutorial3/install/dis_tutorial3/share/dis_tutorial3//worlds/dis_meshes/objects.jpg
-- Symlinking: /home/erik/rins/src/dis_tutorial3/install/dis_tutorial3/share/dis_tutorial3//worlds/dis_meshes/parking_space.jpg
-- Symlinking: /home/erik/rins/src/dis_tutorial3/install/dis_tutorial3/share/dis_tutorial3//worlds/dis_meshes/person1.jpg
-- Symlinking: /home/erik/rins/src/dis_tutorial3/install/dis_tutorial3/share/dis_tutorial3//worlds/dis_meshes/person2.jpg
-- Symlinking: /home/erik/rins/src/dis_tutorial3/install/dis_tutorial3/share/dis_tutorial3//worlds/dis_meshes/person3.jpg
-- Symlinking: /home/erik/rins/src/dis_tutorial3/install/dis_tutorial3/share/dis_tutorial3//worlds/dis_meshes/person4.jpg
-- Symlinking: /home/erik/rins/src/dis_tutorial3/install/dis_tutorial3/share/dis_tutorial3//worlds/dis_meshes/person5.jpg
-- Symlinking: /home/erik/rins/src/dis_tutorial3/install/dis_tutorial3/share/dis_tutorial3//worlds/dis_meshes/qr1.jpg
-- Symlinking: /home/erik/rins/src/dis_tutorial3/install/dis_tutorial3/share/dis_tutorial3//worlds/dis_meshes/qr2.jpg
-- Symlinking: /home/erik/rins/src/dis_tutorial3/install/dis_tutorial3/share/dis_tutorial3//worlds/dis_meshes/wood.jpg
-- Symlinking: /home/erik/rins/src/dis_tutorial3/install/dis_tutorial3/share/dis_tutorial3//worlds/empty.sdf
-- Symlinking: /home/erik/rins/src/dis_tutorial3/install/dis_tutorial3/share/dis_tutorial3//worlds/task1.sdf
-- Symlinking: /home/erik/rins/src/dis_tutorial3/install/dis_tutorial3/share/dis_tutorial3//worlds/task1_meshes/black.jpg
-- Symlinking: /home/erik/rins/src/dis_tutorial3/install/dis_tutorial3/share/dis_tutorial3//worlds/task1_meshes/blue.jpg
-- Symlinking: /home/erik/rins/src/dis_tutorial3/install/dis_tutorial3/share/dis_tutorial3//worlds/task1_meshes/fakering1.jpg
-- Symlinking: /home/erik/rins/src/dis_tutorial3/install/dis_tutorial3/share/dis_tutorial3//worlds/task1_meshes/fakering2.jpg
-- Symlinking: /home/erik/rins/src/dis_tutorial3/install/dis_tutorial3/share/dis_tutorial3//worlds/task1_meshes/fakering3.jpg
-- Symlinking: /home/erik/rins/src/dis_tutorial3/install/dis_tutorial3/share/dis_tutorial3//worlds/task1_meshes/green.jpg
-- Symlinking: /home/erik/rins/src/dis_tutorial3/install/dis_tutorial3/share/dis_tutorial3//worlds/task1_meshes/ground.jpg
-- Symlinking: /home/erik/rins/src/dis_tutorial3/install/dis_tutorial3/share/dis_tutorial3//worlds/task1_meshes/map.dae
-- Symlinking: /home/erik/rins/src/dis_tutorial3/install/dis_tutorial3/share/dis_tutorial3//worlds/task1_meshes/map_colliders.dae
-- Symlinking: /home/erik/rins/src/dis_tutorial3/install/dis_tutorial3/share/dis_tutorial3//worlds/task1_meshes/objects.jpg
-- Symlinking: /home/erik/rins/src/dis_tutorial3/install/dis_tutorial3/share/dis_tutorial3//worlds/task1_meshes/parking_space.jpg
-- Symlinking: /home/erik/rins/src/dis_tutorial3/install/dis_tutorial3/share/dis_tutorial3//worlds/task1_meshes/person13.png
-- Symlinking: /home/erik/rins/src/dis_tutorial3/install/dis_tutorial3/share/dis_tutorial3//worlds/task1_meshes/person2.png.001.png
-- Symlinking: /home/erik/rins/src/dis_tutorial3/install/dis_tutorial3/share/dis_tutorial3//worlds/task1_meshes/person3.png.001.png
-- Symlinking: /home/erik/rins/src/dis_tutorial3/install/dis_tutorial3/share/dis_tutorial3//worlds/task1_meshes/person5.png.001.png
-- Symlinking: /home/erik/rins/src/dis_tutorial3/install/dis_tutorial3/share/dis_tutorial3//worlds/task1_meshes/person6.png
-- Symlinking: /home/erik/rins/src/dis_tutorial3/install/dis_tutorial3/share/dis_tutorial3//worlds/task1_meshes/person8.png
-- Symlinking: /home/erik/rins/src/dis_tutorial3/install/dis_tutorial3/share/dis_tutorial3//worlds/task1_meshes/qr1.jpg
-- Symlinking: /home/erik/rins/src/dis_tutorial3/install/dis_tutorial3/share/dis_tutorial3//worlds/task1_meshes/qr2.jpg
-- Symlinking: /home/erik/rins/src/dis_tutorial3/install/dis_tutorial3/share/dis_tutorial3//worlds/task1_meshes/red.jpg
-- Symlinking: /home/erik/rins/src/dis_tutorial3/install/dis_tutorial3/share/dis_tutorial3//worlds/task1_meshes/yellow.jpg
-- Symlinking: /home/erik/rins/src/dis_tutorial3/install/dis_tutorial3/share/dis_tutorial3//worlds/task2.sdf
-- Symlinking: /home/erik/rins/src/dis_tutorial3/install/dis_tutorial3/share/dis_tutorial3//worlds/task2_meshes/american_crow.jpg
-- Symlinking: /home/erik/rins/src/dis_tutorial3/install/dis_tutorial3/share/dis_tutorial3//worlds/task2_meshes/black.jpg
-- Symlinking: /home/erik/rins/src/dis_tutorial3/install/dis_tutorial3/share/dis_tutorial3//worlds/task2_meshes/blue.jpg
-- Symlinking: /home/erik/rins/src/dis_tutorial3/install/dis_tutorial3/share/dis_tutorial3//worlds/task2_meshes/common_tern.jpg
-- Symlinking: /home/erik/rins/src/dis_tutorial3/install/dis_tutorial3/share/dis_tutorial3//worlds/task2_meshes/dirt2.jpg
-- Symlinking: /home/erik/rins/src/dis_tutorial3/install/dis_tutorial3/share/dis_tutorial3//worlds/task2_meshes/fakering1.jpg
-- Symlinking: /home/erik/rins/src/dis_tutorial3/install/dis_tutorial3/share/dis_tutorial3//worlds/task2_meshes/fakering3.jpg
-- Symlinking: /home/erik/rins/src/dis_tutorial3/install/dis_tutorial3/share/dis_tutorial3//worlds/task2_meshes/grass.jpg
-- Symlinking: /home/erik/rins/src/dis_tutorial3/install/dis_tutorial3/share/dis_tutorial3//worlds/task2_meshes/green.jpg
-- Symlinking: /home/erik/rins/src/dis_tutorial3/install/dis_tutorial3/share/dis_tutorial3//worlds/task2_meshes/ground.jpg
-- Symlinking: /home/erik/rins/src/dis_tutorial3/install/dis_tutorial3/share/dis_tutorial3//worlds/task2_meshes/map.dae
-- Symlinking: /home/erik/rins/src/dis_tutorial3/install/dis_tutorial3/share/dis_tutorial3//worlds/task2_meshes/map_colliders.dae
-- Symlinking: /home/erik/rins/src/dis_tutorial3/install/dis_tutorial3/share/dis_tutorial3//worlds/task2_meshes/objects.jpg
-- Symlinking: /home/erik/rins/src/dis_tutorial3/install/dis_tutorial3/share/dis_tutorial3//worlds/task2_meshes/person29.jpg
-- Symlinking: /home/erik/rins/src/dis_tutorial3/install/dis_tutorial3/share/dis_tutorial3//worlds/task2_meshes/person30.jpg
-- Symlinking: /home/erik/rins/src/dis_tutorial3/install/dis_tutorial3/share/dis_tutorial3//worlds/task2_meshes/person31.jpg
-- Symlinking: /home/erik/rins/src/dis_tutorial3/install/dis_tutorial3/share/dis_tutorial3//worlds/task2_meshes/person36.jpg
-- Symlinking: /home/erik/rins/src/dis_tutorial3/install/dis_tutorial3/share/dis_tutorial3//worlds/task2_meshes/pied_kingfisher.jpg
-- Symlinking: /home/erik/rins/src/dis_tutorial3/install/dis_tutorial3/share/dis_tutorial3//worlds/task2_meshes/qr_blackbird.jpg
-- Symlinking: /home/erik/rins/src/dis_tutorial3/install/dis_tutorial3/share/dis_tutorial3//worlds/task2_meshes/qr_crow.jpg
-- Symlinking: /home/erik/rins/src/dis_tutorial3/install/dis_tutorial3/share/dis_tutorial3//worlds/task2_meshes/qr_kingfisher.jpg
-- Symlinking: /home/erik/rins/src/dis_tutorial3/install/dis_tutorial3/share/dis_tutorial3//worlds/task2_meshes/qr_tern.jpg
-- Symlinking: /home/erik/rins/src/dis_tutorial3/install/dis_tutorial3/share/dis_tutorial3//worlds/task2_meshes/red.jpg
-- Symlinking: /home/erik/rins/src/dis_tutorial3/install/dis_tutorial3/share/dis_tutorial3//worlds/task2_meshes/water.jpg
-- Symlinking: /home/erik/rins/src/dis_tutorial3/install/dis_tutorial3/share/dis_tutorial3//worlds/task2_meshes/wood.jpg
-- Symlinking: /home/erik/rins/src/dis_tutorial3/install/dis_tutorial3/share/dis_tutorial3//worlds/task2_meshes/yellow.jpg
-- Symlinking: /home/erik/rins/src/dis_tutorial3/install/dis_tutorial3/share/dis_tutorial3//worlds/task2_meshes/yellow_headed_blackbird.jpg
-- Symlinking: /home/erik/rins/src/dis_tutorial3/install/dis_tutorial3/share/dis_tutorial3//maps/bird_demo.pgm
-- Symlinking: /home/erik/rins/src/dis_tutorial3/install/dis_tutorial3/share/dis_tutorial3//maps/bird_demo.yaml
-- Symlinking: /home/erik/rins/src/dis_tutorial3/install/dis_tutorial3/share/dis_tutorial3//maps/task1.pgm
-- Symlinking: /home/erik/rins/src/dis_tutorial3/install/dis_tutorial3/share/dis_tutorial3//maps/task1.yaml
-- Symlinking: /home/erik/rins/src/dis_tutorial3/install/dis_tutorial3/share/dis_tutorial3//urdf/lite/turtlebot4.urdf.xacro
-- Symlinking: /home/erik/rins/src/dis_tutorial3/install/dis_tutorial3/share/dis_tutorial3//urdf/sensors/camera_bracket.urdf.xacro
-- Symlinking: /home/erik/rins/src/dis_tutorial3/install/dis_tutorial3/share/dis_tutorial3//urdf/sensors/oakd.urdf.xacro
-- Symlinking: /home/erik/rins/src/dis_tutorial3/install/dis_tutorial3/share/dis_tutorial3//urdf/sensors/rplidar.urdf.xacro
-- Symlinking: /home/erik/rins/src/dis_tutorial3/install/dis_tutorial3/share/dis_tutorial3//urdf/standard/tower_sensor_plate.urdf.xacro
-- Symlinking: /home/erik/rins/src/dis_tutorial3/install/dis_tutorial3/share/dis_tutorial3//urdf/standard/tower_standoff.urdf.xacro
-- Symlinking: /home/erik/rins/src/dis_tutorial3/install/dis_tutorial3/share/dis_tutorial3//urdf/standard/turtlebot4.urdf.xacro
-- Symlinking: /home/erik/rins/src/dis_tutorial3/install/dis_tutorial3/share/dis_tutorial3//urdf/standard/weight_block.urdf.xacro
-- Symlinking: /home/erik/rins/src/dis_tutorial3/install/dis_tutorial3/lib/dis_tutorial3/detect_people.py
-- Symlinking: /home/erik/rins/src/dis_tutorial3/install/dis_tutorial3/lib/dis_tutorial3/robot_commander.py
-- Symlinking: /home/erik/rins/src/dis_tutorial3/install/dis_tutorial3/share/ament_index/resource_index/package_run_dependencies/dis_tutorial3
-- Symlinking: /home/erik/rins/src/dis_tutorial3/install/dis_tutorial3/share/ament_index/resource_index/parent_prefix_path/dis_tutorial3
-- Symlinking: /home/erik/rins/src/dis_tutorial3/install/dis_tutorial3/share/dis_tutorial3/environment/ament_prefix_path.sh
-- Symlinking: /home/erik/rins/src/dis_tutorial3/install/dis_tutorial3/share/dis_tutorial3/environment/ament_prefix_path.dsv
-- Symlinking: /home/erik/rins/src/dis_tutorial3/install/dis_tutorial3/share/dis_tutorial3/environment/path.sh
-- Symlinking: /home/erik/rins/src/dis_tutorial3/install/dis_tutorial3/share/dis_tutorial3/environment/path.dsv
-- Symlinking: /home/erik/rins/src/dis_tutorial3/install/dis_tutorial3/share/dis_tutorial3/local_setup.bash
-- Symlinking: /home/erik/rins/src/dis_tutorial3/install/dis_tutorial3/share/dis_tutorial3/local_setup.sh
-- Symlinking: /home/erik/rins/src/dis_tutorial3/install/dis_tutorial3/share/dis_tutorial3/local_setup.zsh
-- Symlinking: /home/erik/rins/src/dis_tutorial3/install/dis_tutorial3/share/dis_tutorial3/local_setup.dsv
-- Symlinking: /home/erik/rins/src/dis_tutorial3/install/dis_tutorial3/share/dis_tutorial3/package.dsv
-- Symlinking: /home/erik/rins/src/dis_tutorial3/install/dis_tutorial3/share/ament_index/resource_index/packages/dis_tutorial3
-- Symlinking: /home/erik/rins/src/dis_tutorial3/install/dis_tutorial3/share/dis_tutorial3/cmake/dis_tutorial3Config.cmake
-- Symlinking: /home/erik/rins/src/dis_tutorial3/install/dis_tutorial3/share/dis_tutorial3/cmake/dis_tutorial3Config-version.cmake
-- Symlinking: /home/erik/rins/src/dis_tutorial3/install/dis_tutorial3/share/dis_tutorial3/package.xml
